[debug] [2026-01-29T06:14:50.919Z] ----------------------------------------------------------------------
[debug] [2026-01-29T06:14:50.926Z] Command:       /usr/local/bin/firebase /Users/johanastborg/.cache/firebase/tools/lib/node_modules/firebase-tools/lib/bin/firebase deploy --only apphosting --debug
[debug] [2026-01-29T06:14:50.926Z] CLI Version:   15.3.0
[debug] [2026-01-29T06:14:50.926Z] Platform:      darwin
[debug] [2026-01-29T06:14:50.926Z] Node Version:  v20.18.2
[debug] [2026-01-29T06:14:50.926Z] Time:          Thu Jan 29 2026 07:14:50 GMT+0100 (Central European Standard Time)
[debug] [2026-01-29T06:14:50.926Z] ----------------------------------------------------------------------
[debug] 
[debug] [2026-01-29T06:14:51.928Z] > command requires scopes: ["email","openid","https://www.googleapis.com/auth/cloudplatformprojects.readonly","https://www.googleapis.com/auth/firebase","https://www.googleapis.com/auth/cloud-platform"]
[debug] [2026-01-29T06:14:51.930Z] > authorizing via signed-in user (gautrsystems@gmail.com)
[debug] [2026-01-29T06:14:51.930Z] [iam] checking project asymptotic-x-terminal for permissions ["firebase.projects.get",null]
[debug] [2026-01-29T06:14:51.931Z] Checked if tokens are valid: true, expires at: 1769670349117
[debug] [2026-01-29T06:14:51.931Z] Checked if tokens are valid: true, expires at: 1769670349117
[debug] [2026-01-29T06:14:51.931Z] >>> [apiv2][query] POST https://cloudresourcemanager.googleapis.com/v1/projects/asymptotic-x-terminal:testIamPermissions [none]
[debug] [2026-01-29T06:14:51.931Z] >>> [apiv2][(partial)header] POST https://cloudresourcemanager.googleapis.com/v1/projects/asymptotic-x-terminal:testIamPermissions x-goog-quota-user=projects/asymptotic-x-terminal
[debug] [2026-01-29T06:14:51.932Z] >>> [apiv2][body] POST https://cloudresourcemanager.googleapis.com/v1/projects/asymptotic-x-terminal:testIamPermissions {"permissions":["firebase.projects.get",null]}
[debug] [2026-01-29T06:14:52.710Z] <<< [apiv2][status] POST https://cloudresourcemanager.googleapis.com/v1/projects/asymptotic-x-terminal:testIamPermissions 200
[debug] [2026-01-29T06:14:52.710Z] <<< [apiv2][body] POST https://cloudresourcemanager.googleapis.com/v1/projects/asymptotic-x-terminal:testIamPermissions {"permissions":["firebase.projects.get"]}
[debug] [2026-01-29T06:14:52.710Z] [iam] error while checking permissions, command may fail: Authorization failed. This account is missing the following required permissions on project asymptotic-x-terminal:

  
[info] 
[info] === Deploying to 'asymptotic-x-terminal'...
[info] 
[info] i  deploying apphosting 
[debug] [2026-01-29T06:14:52.712Z] Checked if tokens are valid: true, expires at: 1769670349117
[debug] [2026-01-29T06:14:52.712Z] Checked if tokens are valid: true, expires at: 1769670349117
[debug] [2026-01-29T06:14:52.712Z] >>> [apiv2][query] POST https://iam.googleapis.com/v1/projects/asymptotic-x-terminal/serviceAccounts/firebase-app-hosting-compute@asymptotic-x-terminal.iam.gserviceaccount.com:testIamPermissions [none]
[debug] [2026-01-29T06:14:52.712Z] >>> [apiv2][(partial)header] POST https://iam.googleapis.com/v1/projects/asymptotic-x-terminal/serviceAccounts/firebase-app-hosting-compute@asymptotic-x-terminal.iam.gserviceaccount.com:testIamPermissions x-goog-quota-user=projects/asymptotic-x-terminal
[debug] [2026-01-29T06:14:52.712Z] >>> [apiv2][body] POST https://iam.googleapis.com/v1/projects/asymptotic-x-terminal/serviceAccounts/firebase-app-hosting-compute@asymptotic-x-terminal.iam.gserviceaccount.com:testIamPermissions {"permissions":["iam.serviceAccounts.actAs"]}
[debug] [2026-01-29T06:14:53.546Z] <<< [apiv2][status] POST https://iam.googleapis.com/v1/projects/asymptotic-x-terminal/serviceAccounts/firebase-app-hosting-compute@asymptotic-x-terminal.iam.gserviceaccount.com:testIamPermissions 200
[debug] [2026-01-29T06:14:53.546Z] <<< [apiv2][body] POST https://iam.googleapis.com/v1/projects/asymptotic-x-terminal/serviceAccounts/firebase-app-hosting-compute@asymptotic-x-terminal.iam.gserviceaccount.com:testIamPermissions {"permissions":["iam.serviceAccounts.actAs"]}
[debug] [2026-01-29T06:14:53.547Z] Checked if tokens are valid: true, expires at: 1769670349117
[debug] [2026-01-29T06:14:53.547Z] Checked if tokens are valid: true, expires at: 1769670349117
[debug] [2026-01-29T06:14:53.547Z] >>> [apiv2][query] POST https://iam.googleapis.com/v1/projects/asymptotic-x-terminal/serviceAccounts [none]
[debug] [2026-01-29T06:14:53.547Z] >>> [apiv2][body] POST https://iam.googleapis.com/v1/projects/asymptotic-x-terminal/serviceAccounts {"accountId":"firebase-app-hosting-compute","serviceAccount":{"displayName":"Firebase App Hosting compute service account","description":"Default service account used to run builds and deploys for Firebase App Hosting"}}
[debug] [2026-01-29T06:14:53.840Z] <<< [apiv2][status] POST https://iam.googleapis.com/v1/projects/asymptotic-x-terminal/serviceAccounts 409
[debug] [2026-01-29T06:14:53.840Z] <<< [apiv2][body] POST https://iam.googleapis.com/v1/projects/asymptotic-x-terminal/serviceAccounts [omitted]
[debug] [2026-01-29T06:14:53.841Z] Checked if tokens are valid: true, expires at: 1769670349117
[debug] [2026-01-29T06:14:53.842Z] Checked if tokens are valid: true, expires at: 1769670349117
[debug] [2026-01-29T06:14:53.842Z] >>> [apiv2][query] POST https://cloudresourcemanager.googleapis.com/v1/projects/asymptotic-x-terminal:getIamPolicy [none]
[debug] [2026-01-29T06:14:54.073Z] <<< [apiv2][status] POST https://cloudresourcemanager.googleapis.com/v1/projects/asymptotic-x-terminal:getIamPolicy 200
[debug] [2026-01-29T06:14:54.073Z] <<< [apiv2][body] POST https://cloudresourcemanager.googleapis.com/v1/projects/asymptotic-x-terminal:getIamPolicy {"version":1,"etag":"BwZJgMQ57+o=","bindings":[{"role":"roles/artifactregistry.serviceAgent","members":["serviceAccount:service-375585788314@gcp-sa-artifactregistry.iam.gserviceaccount.com"]},{"role":"roles/cloudbuild.builds.builder","members":["serviceAccount:375585788314@cloudbuild.gserviceaccount.com"]},{"role":"roles/cloudbuild.serviceAgent","members":["serviceAccount:service-375585788314@gcp-sa-cloudbuild.iam.gserviceaccount.com"]},{"role":"roles/containerregistry.ServiceAgent","members":["serviceAccount:service-375585788314@containerregistry.iam.gserviceaccount.com"]},{"role":"roles/developerconnect.readTokenAccessor","members":["serviceAccount:firebase-app-hosting-compute@asymptotic-x-terminal.iam.gserviceaccount.com"]},{"role":"roles/editor","members":["serviceAccount:375585788314-compute@developer.gserviceaccount.com"]},{"role":"roles/firebase.managementServiceAgent","members":["serviceAccount:service-375585788314@gcp-sa-firebase.iam.gserviceaccount.com"]},{"role":"roles/firebase.sdkAdminServiceAgent","members":["serviceAccount:firebase-adminsdk-fbsvc@asymptotic-x-terminal.iam.gserviceaccount.com","serviceAccount:firebase-app-hosting-compute@asymptotic-x-terminal.iam.gserviceaccount.com"]},{"role":"roles/firebaseapphosting.computeRunner","members":["serviceAccount:firebase-app-hosting-compute@asymptotic-x-terminal.iam.gserviceaccount.com"]},{"role":"roles/firebaseapphosting.serviceAgent","members":["serviceAccount:service-375585788314@gcp-sa-firebaseapphosting.iam.gserviceaccount.com"]},{"role":"roles/firebaseauth.admin","members":["serviceAccount:firebase-adminsdk-fbsvc@asymptotic-x-terminal.iam.gserviceaccount.com"]},{"role":"roles/iam.serviceAccountTokenCreator","members":["serviceAccount:firebase-adminsdk-fbsvc@asymptotic-x-terminal.iam.gserviceaccount.com"]},{"role":"roles/owner","members":["user:Gautrsystems@gmail.com"]},{"role":"roles/run.serviceAgent","members":["serviceAccount:service-375585788314@serverless-robot-prod.iam.gserviceaccount.com"]},{"role":"roles/storage.objectViewer","members":["serviceAccount:firebase-app-hosting-compute@asymptotic-x-terminal.iam.gserviceaccount.com"]}]}
[debug] [2026-01-29T06:14:54.074Z] Checked if tokens are valid: true, expires at: 1769670349117
[debug] [2026-01-29T06:14:54.074Z] Checked if tokens are valid: true, expires at: 1769670349117
[debug] [2026-01-29T06:14:54.074Z] >>> [apiv2][query] POST https://cloudresourcemanager.googleapis.com/v1/projects/asymptotic-x-terminal:setIamPolicy [none]
[debug] [2026-01-29T06:14:54.074Z] >>> [apiv2][body] POST https://cloudresourcemanager.googleapis.com/v1/projects/asymptotic-x-terminal:setIamPolicy {"policy":{"version":1,"etag":"BwZJgMQ57+o=","bindings":[{"role":"roles/artifactregistry.serviceAgent","members":["serviceAccount:service-375585788314@gcp-sa-artifactregistry.iam.gserviceaccount.com"]},{"role":"roles/cloudbuild.builds.builder","members":["serviceAccount:375585788314@cloudbuild.gserviceaccount.com"]},{"role":"roles/cloudbuild.serviceAgent","members":["serviceAccount:service-375585788314@gcp-sa-cloudbuild.iam.gserviceaccount.com"]},{"role":"roles/containerregistry.ServiceAgent","members":["serviceAccount:service-375585788314@containerregistry.iam.gserviceaccount.com"]},{"role":"roles/developerconnect.readTokenAccessor","members":["serviceAccount:firebase-app-hosting-compute@asymptotic-x-terminal.iam.gserviceaccount.com"]},{"role":"roles/editor","members":["serviceAccount:375585788314-compute@developer.gserviceaccount.com"]},{"role":"roles/firebase.managementServiceAgent","members":["serviceAccount:service-375585788314@gcp-sa-firebase.iam.gserviceaccount.com"]},{"role":"roles/firebase.sdkAdminServiceAgent","members":["serviceAccount:firebase-adminsdk-fbsvc@asymptotic-x-terminal.iam.gserviceaccount.com","serviceAccount:firebase-app-hosting-compute@asymptotic-x-terminal.iam.gserviceaccount.com"]},{"role":"roles/firebaseapphosting.computeRunner","members":["serviceAccount:firebase-app-hosting-compute@asymptotic-x-terminal.iam.gserviceaccount.com"]},{"role":"roles/firebaseapphosting.serviceAgent","members":["serviceAccount:service-375585788314@gcp-sa-firebaseapphosting.iam.gserviceaccount.com"]},{"role":"roles/firebaseauth.admin","members":["serviceAccount:firebase-adminsdk-fbsvc@asymptotic-x-terminal.iam.gserviceaccount.com"]},{"role":"roles/iam.serviceAccountTokenCreator","members":["serviceAccount:firebase-adminsdk-fbsvc@asymptotic-x-terminal.iam.gserviceaccount.com"]},{"role":"roles/owner","members":["user:Gautrsystems@gmail.com"]},{"role":"roles/run.serviceAgent","members":["serviceAccount:service-375585788314@serverless-robot-prod.iam.gserviceaccount.com"]},{"role":"roles/storage.objectViewer","members":["serviceAccount:firebase-app-hosting-compute@asymptotic-x-terminal.iam.gserviceaccount.com"]}]},"updateMask":"bindings"}
[debug] [2026-01-29T06:14:55.261Z] <<< [apiv2][status] POST https://cloudresourcemanager.googleapis.com/v1/projects/asymptotic-x-terminal:setIamPolicy 200
[debug] [2026-01-29T06:14:55.261Z] <<< [apiv2][body] POST https://cloudresourcemanager.googleapis.com/v1/projects/asymptotic-x-terminal:setIamPolicy {"version":1,"etag":"BwZJgMaADmY=","bindings":[{"role":"roles/artifactregistry.serviceAgent","members":["serviceAccount:service-375585788314@gcp-sa-artifactregistry.iam.gserviceaccount.com"]},{"role":"roles/cloudbuild.builds.builder","members":["serviceAccount:375585788314@cloudbuild.gserviceaccount.com"]},{"role":"roles/cloudbuild.serviceAgent","members":["serviceAccount:service-375585788314@gcp-sa-cloudbuild.iam.gserviceaccount.com"]},{"role":"roles/containerregistry.ServiceAgent","members":["serviceAccount:service-375585788314@containerregistry.iam.gserviceaccount.com"]},{"role":"roles/developerconnect.readTokenAccessor","members":["serviceAccount:firebase-app-hosting-compute@asymptotic-x-terminal.iam.gserviceaccount.com"]},{"role":"roles/editor","members":["serviceAccount:375585788314-compute@developer.gserviceaccount.com"]},{"role":"roles/firebase.managementServiceAgent","members":["serviceAccount:service-375585788314@gcp-sa-firebase.iam.gserviceaccount.com"]},{"role":"roles/firebase.sdkAdminServiceAgent","members":["serviceAccount:firebase-adminsdk-fbsvc@asymptotic-x-terminal.iam.gserviceaccount.com","serviceAccount:firebase-app-hosting-compute@asymptotic-x-terminal.iam.gserviceaccount.com"]},{"role":"roles/firebaseapphosting.computeRunner","members":["serviceAccount:firebase-app-hosting-compute@asymptotic-x-terminal.iam.gserviceaccount.com"]},{"role":"roles/firebaseapphosting.serviceAgent","members":["serviceAccount:service-375585788314@gcp-sa-firebaseapphosting.iam.gserviceaccount.com"]},{"role":"roles/firebaseauth.admin","members":["serviceAccount:firebase-adminsdk-fbsvc@asymptotic-x-terminal.iam.gserviceaccount.com"]},{"role":"roles/iam.serviceAccountTokenCreator","members":["serviceAccount:firebase-adminsdk-fbsvc@asymptotic-x-terminal.iam.gserviceaccount.com"]},{"role":"roles/owner","members":["user:Gautrsystems@gmail.com"]},{"role":"roles/run.serviceAgent","members":["serviceAccount:service-375585788314@serverless-robot-prod.iam.gserviceaccount.com"]},{"role":"roles/storage.objectViewer","members":["serviceAccount:firebase-app-hosting-compute@asymptotic-x-terminal.iam.gserviceaccount.com"]}]}
[debug] [2026-01-29T06:14:55.262Z] Checked if tokens are valid: true, expires at: 1769670349117
[debug] [2026-01-29T06:14:55.262Z] Checked if tokens are valid: true, expires at: 1769670349117
[debug] [2026-01-29T06:14:55.263Z] >>> [apiv2][query] GET https://firebaseapphosting.googleapis.com/v1beta/projects/asymptotic-x-terminal/locations/-/backends 
[debug] [2026-01-29T06:14:55.732Z] <<< [apiv2][status] GET https://firebaseapphosting.googleapis.com/v1beta/projects/asymptotic-x-terminal/locations/-/backends 200
[debug] [2026-01-29T06:14:55.733Z] <<< [apiv2][body] GET https://firebaseapphosting.googleapis.com/v1beta/projects/asymptotic-x-terminal/locations/-/backends {"backends":[{"name":"projects/asymptotic-x-terminal/locations/us-central1/backends/ax-terminal-web","createTime":"2026-01-29T03:11:09.297578833Z","updateTime":"2026-01-29T03:27:36.140933Z","labels":{"deployment-tool":"cli-firebase"},"uri":"ax-terminal-web--asymptotic-x-terminal.us-central1.hosted.app","managedResources":[{"runService":{"service":"projects/375585788314/locations/us-central1/services/ax-terminal-web"}}],"uid":"57ae5235-41bf-4dcc-95f6-16984268a1ae","etag":"-fIqyut9Viis3JRur-vP8kx0qQ8k_CpbNvqW4xFI5GQ","reconciling":false,"servingLocality":"GLOBAL_ACCESS","serviceAccount":"firebase-app-hosting-compute@asymptotic-x-terminal.iam.gserviceaccount.com","appId":"1:375585788314:web:9051d552710faef2776a23"},{"name":"projects/asymptotic-x-terminal/locations/us-central1/backends/art-web","createTime":"2026-01-29T06:06:25.670616620Z","updateTime":"2026-01-29T06:06:25.951396Z","labels":{"deployment-tool":"cli-firebase"},"uri":"art-web--asymptotic-x-terminal.us-central1.hosted.app","uid":"39acc9b9-65a7-43f7-8ac5-11ed57c9bd00","etag":"9_tPom9X125BZjHtyzzFEUK4gKyAelNhh66FRWz3Ut8","reconciling":false,"servingLocality":"GLOBAL_ACCESS","serviceAccount":"firebase-app-hosting-compute@asymptotic-x-terminal.iam.gserviceaccount.com","appId":"1:375585788314:web:9c842d399064e561776a23"},{"name":"projects/asymptotic-x-terminal/locations/us-central1/backends/gottingen-terminal","createTime":"2026-01-29T04:48:38.998363893Z","updateTime":"2026-01-29T04:52:11.604027Z","labels":{"deployment-tool":"cli-firebase"},"uri":"gottingen-terminal--asymptotic-x-terminal.us-central1.hosted.app","managedResources":[{"runService":{"service":"projects/375585788314/locations/us-central1/services/gottingen-terminal"}}],"uid":"b94446f1-d850-45e6-9a61-77ad8b0f96e3","etag":"Hv4ukT-9Yh3_oUZiqaWJfxbSx592oBax9_23x1RGbWM","reconciling":false,"servingLocality":"GLOBAL_ACCESS","serviceAccount":"firebase-app-hosting-compute@asymptotic-x-terminal.iam.gserviceaccount.com","appId":"1:375585788314:web:f782445ca28c870c776a23"}]}
[info] i  apphosting: Found backend(s) art-web 
[debug] [2026-01-29T06:14:55.733Z] Checked if tokens are valid: true, expires at: 1769670349117
[debug] [2026-01-29T06:14:55.733Z] Checked if tokens are valid: true, expires at: 1769670349117
[debug] [2026-01-29T06:14:55.734Z] >>> [apiv2][query] GET https://cloudresourcemanager.googleapis.com/v1/projects/asymptotic-x-terminal [none]
[debug] [2026-01-29T06:14:55.903Z] <<< [apiv2][status] GET https://cloudresourcemanager.googleapis.com/v1/projects/asymptotic-x-terminal 200
[debug] [2026-01-29T06:14:55.903Z] <<< [apiv2][body] GET https://cloudresourcemanager.googleapis.com/v1/projects/asymptotic-x-terminal {"projectNumber":"375585788314","projectId":"asymptotic-x-terminal","lifecycleState":"ACTIVE","name":"asymptotic-x-terminal","labels":{"firebase":"enabled","firebase-core":"disabled"},"createTime":"2026-01-29T03:05:26.057496Z"}
[debug] [2026-01-29T06:14:55.904Z] Checked if tokens are valid: true, expires at: 1769670349117
[debug] [2026-01-29T06:14:55.904Z] Checked if tokens are valid: true, expires at: 1769670349117
[debug] [2026-01-29T06:14:55.904Z] >>> [apiv2][query] GET https://storage.googleapis.com/storage/v1/b?project=asymptotic-x-terminal 
[debug] [2026-01-29T06:14:56.326Z] <<< [apiv2][status] GET https://storage.googleapis.com/storage/v1/b?project=asymptotic-x-terminal 200
[debug] [2026-01-29T06:14:56.326Z] <<< [apiv2][body] GET https://storage.googleapis.com/storage/v1/b?project=asymptotic-x-terminal {"kind":"storage#buckets","items":[{"kind":"storage#bucket","selfLink":"https://www.googleapis.com/storage/v1/b/firebaseapphosting-sources-375585788314-us-central1","id":"firebaseapphosting-sources-375585788314-us-central1","name":"firebaseapphosting-sources-375585788314-us-central1","projectNumber":"375585788314","generation":"1769656290532597508","metageneration":"1","location":"US-CENTRAL1","storageClass":"STANDARD","etag":"CAE=","timeCreated":"2026-01-29T03:11:30.700Z","updated":"2026-01-29T03:11:30.700Z","lifecycle":{"rule":[{"action":{"type":"Delete"},"condition":{"age":30}}]},"labels":{"apphosting-source-us-central1":"true"},"softDeletePolicy":{"retentionDurationSeconds":"604800","effectiveTime":"2026-01-29T03:11:30.700Z"},"iamConfiguration":{"bucketPolicyOnly":{"enabled":false},"uniformBucketLevelAccess":{"enabled":false},"publicAccessPrevention":"inherited"},"locationType":"region","satisfiesPZI":true},{"kind":"storage#bucket","selfLink":"https://www.googleapis.com/storage/v1/b/run-sources-asymptotic-x-terminal-us-central1","id":"run-sources-asymptotic-x-terminal-us-central1","name":"run-sources-asymptotic-x-terminal-us-central1","projectNumber":"375585788314","generation":"1769666936565541792","metageneration":"1","location":"US-CENTRAL1","storageClass":"STANDARD","etag":"CAE=","timeCreated":"2026-01-29T06:08:56.734Z","updated":"2026-01-29T06:08:56.734Z","cors":[{"origin":["https://*.cloud.google.com","https://*.corp.google.com","https://*.corp.google.com:*","https://*.cloud.google","https://*.byoid.goog"],"method":["GET"]}],"softDeletePolicy":{"retentionDurationSeconds":"604800","effectiveTime":"2026-01-29T06:08:56.734Z"},"iamConfiguration":{"bucketPolicyOnly":{"enabled":true,"lockedTime":"2026-04-29T06:08:56.734Z"},"uniformBucketLevelAccess":{"enabled":true,"lockedTime":"2026-04-29T06:08:56.734Z"},"publicAccessPrevention":"inherited"},"locationType":"region","satisfiesPZI":true}]}
[info] i  apphosting: Zipped source for backend art-web 
[info] i  apphosting: Uploading source for backend art-web... 
[debug] [2026-01-29T06:15:03.197Z] Checked if tokens are valid: true, expires at: 1769670349117
[debug] [2026-01-29T06:15:03.197Z] Checked if tokens are valid: true, expires at: 1769670349117
[debug] [2026-01-29T06:15:03.197Z] >>> [apiv2][query] PUT https://storage.googleapis.com/firebaseapphosting-sources-375585788314-us-central1/art-web--26209-rHRkBCZSLJZg-.zip [none]
[debug] [2026-01-29T06:15:03.198Z] >>> [apiv2][body] PUT https://storage.googleapis.com/firebaseapphosting-sources-375585788314-us-central1/art-web--26209-rHRkBCZSLJZg-.zip [stream]
[debug] [2026-01-29T06:15:09.591Z] <<< [apiv2][status] PUT https://storage.googleapis.com/firebaseapphosting-sources-375585788314-us-central1/art-web--26209-rHRkBCZSLJZg-.zip 400
[debug] [2026-01-29T06:15:09.591Z] <<< [apiv2][body] PUT https://storage.googleapis.com/firebaseapphosting-sources-375585788314-us-central1/art-web--26209-rHRkBCZSLJZg-.zip "<?xml version='1.0' encoding='UTF-8'?><Error><Code>EntityTooLarge</Code><Message>Your proposed upload is larger than the maximum object size specified in your Policy Document.</Message><Details>Content-length exceeds upper bound on range</Details></Error>"
[error] 
[error] Error: Unable to parse JSON: SyntaxError: Unexpected token '<', "<?xml vers"... is not valid JSON
[debug] [2026-01-29T06:15:13.381Z] ----------------------------------------------------------------------
[debug] [2026-01-29T06:15:13.384Z] Command:       /usr/local/bin/firebase /Users/johanastborg/.cache/firebase/tools/lib/node_modules/firebase-tools/lib/bin/firebase deploy --only apphosting
[debug] [2026-01-29T06:15:13.384Z] CLI Version:   15.3.0
[debug] [2026-01-29T06:15:13.384Z] Platform:      darwin
[debug] [2026-01-29T06:15:13.384Z] Node Version:  v20.18.2
[debug] [2026-01-29T06:15:13.384Z] Time:          Thu Jan 29 2026 07:15:13 GMT+0100 (Central European Standard Time)
[debug] [2026-01-29T06:15:13.384Z] ----------------------------------------------------------------------
[debug] 
[debug] [2026-01-29T06:15:14.361Z] > command requires scopes: ["email","openid","https://www.googleapis.com/auth/cloudplatformprojects.readonly","https://www.googleapis.com/auth/firebase","https://www.googleapis.com/auth/cloud-platform"]
[debug] [2026-01-29T06:15:14.361Z] > authorizing via signed-in user (gautrsystems@gmail.com)
[debug] [2026-01-29T06:15:14.361Z] [iam] checking project asymptotic-x-terminal for permissions ["firebase.projects.get",null]
[debug] [2026-01-29T06:15:14.361Z] Checked if tokens are valid: true, expires at: 1769670349117
[debug] [2026-01-29T06:15:14.362Z] Checked if tokens are valid: true, expires at: 1769670349117
[debug] [2026-01-29T06:15:14.362Z] >>> [apiv2][query] POST https://cloudresourcemanager.googleapis.com/v1/projects/asymptotic-x-terminal:testIamPermissions [none]
[debug] [2026-01-29T06:15:14.362Z] >>> [apiv2][(partial)header] POST https://cloudresourcemanager.googleapis.com/v1/projects/asymptotic-x-terminal:testIamPermissions x-goog-quota-user=projects/asymptotic-x-terminal
[debug] [2026-01-29T06:15:14.362Z] >>> [apiv2][body] POST https://cloudresourcemanager.googleapis.com/v1/projects/asymptotic-x-terminal:testIamPermissions {"permissions":["firebase.projects.get",null]}
[debug] [2026-01-29T06:15:15.123Z] <<< [apiv2][status] POST https://cloudresourcemanager.googleapis.com/v1/projects/asymptotic-x-terminal:testIamPermissions 200
[debug] [2026-01-29T06:15:15.123Z] <<< [apiv2][body] POST https://cloudresourcemanager.googleapis.com/v1/projects/asymptotic-x-terminal:testIamPermissions {"permissions":["firebase.projects.get"]}
[debug] [2026-01-29T06:15:15.123Z] [iam] error while checking permissions, command may fail: Authorization failed. This account is missing the following required permissions on project asymptotic-x-terminal:

  
[info] 
[info] === Deploying to 'asymptotic-x-terminal'...
[info] 
[info] i  deploying apphosting 
[debug] [2026-01-29T06:15:15.125Z] Checked if tokens are valid: true, expires at: 1769670349117
[debug] [2026-01-29T06:15:15.125Z] Checked if tokens are valid: true, expires at: 1769670349117
[debug] [2026-01-29T06:15:15.125Z] >>> [apiv2][query] POST https://iam.googleapis.com/v1/projects/asymptotic-x-terminal/serviceAccounts/firebase-app-hosting-compute@asymptotic-x-terminal.iam.gserviceaccount.com:testIamPermissions [none]
[debug] [2026-01-29T06:15:15.125Z] >>> [apiv2][(partial)header] POST https://iam.googleapis.com/v1/projects/asymptotic-x-terminal/serviceAccounts/firebase-app-hosting-compute@asymptotic-x-terminal.iam.gserviceaccount.com:testIamPermissions x-goog-quota-user=projects/asymptotic-x-terminal
[debug] [2026-01-29T06:15:15.125Z] >>> [apiv2][body] POST https://iam.googleapis.com/v1/projects/asymptotic-x-terminal/serviceAccounts/firebase-app-hosting-compute@asymptotic-x-terminal.iam.gserviceaccount.com:testIamPermissions {"permissions":["iam.serviceAccounts.actAs"]}
[debug] [2026-01-29T06:15:15.324Z] <<< [apiv2][status] POST https://iam.googleapis.com/v1/projects/asymptotic-x-terminal/serviceAccounts/firebase-app-hosting-compute@asymptotic-x-terminal.iam.gserviceaccount.com:testIamPermissions 200
[debug] [2026-01-29T06:15:15.324Z] <<< [apiv2][body] POST https://iam.googleapis.com/v1/projects/asymptotic-x-terminal/serviceAccounts/firebase-app-hosting-compute@asymptotic-x-terminal.iam.gserviceaccount.com:testIamPermissions {"permissions":["iam.serviceAccounts.actAs"]}
[debug] [2026-01-29T06:15:15.325Z] Checked if tokens are valid: true, expires at: 1769670349117
[debug] [2026-01-29T06:15:15.325Z] Checked if tokens are valid: true, expires at: 1769670349117
[debug] [2026-01-29T06:15:15.325Z] >>> [apiv2][query] POST https://iam.googleapis.com/v1/projects/asymptotic-x-terminal/serviceAccounts [none]
[debug] [2026-01-29T06:15:15.325Z] >>> [apiv2][body] POST https://iam.googleapis.com/v1/projects/asymptotic-x-terminal/serviceAccounts {"accountId":"firebase-app-hosting-compute","serviceAccount":{"displayName":"Firebase App Hosting compute service account","description":"Default service account used to run builds and deploys for Firebase App Hosting"}}
[debug] [2026-01-29T06:15:15.626Z] <<< [apiv2][status] POST https://iam.googleapis.com/v1/projects/asymptotic-x-terminal/serviceAccounts 409
[debug] [2026-01-29T06:15:15.626Z] <<< [apiv2][body] POST https://iam.googleapis.com/v1/projects/asymptotic-x-terminal/serviceAccounts [omitted]
[debug] [2026-01-29T06:15:15.627Z] Checked if tokens are valid: true, expires at: 1769670349117
[debug] [2026-01-29T06:15:15.627Z] Checked if tokens are valid: true, expires at: 1769670349117
[debug] [2026-01-29T06:15:15.627Z] >>> [apiv2][query] POST https://cloudresourcemanager.googleapis.com/v1/projects/asymptotic-x-terminal:getIamPolicy [none]
[debug] [2026-01-29T06:15:15.928Z] <<< [apiv2][status] POST https://cloudresourcemanager.googleapis.com/v1/projects/asymptotic-x-terminal:getIamPolicy 200
[debug] [2026-01-29T06:15:15.928Z] <<< [apiv2][body] POST https://cloudresourcemanager.googleapis.com/v1/projects/asymptotic-x-terminal:getIamPolicy {"version":1,"etag":"BwZJgMaADmY=","bindings":[{"role":"roles/artifactregistry.serviceAgent","members":["serviceAccount:service-375585788314@gcp-sa-artifactregistry.iam.gserviceaccount.com"]},{"role":"roles/cloudbuild.builds.builder","members":["serviceAccount:375585788314@cloudbuild.gserviceaccount.com"]},{"role":"roles/cloudbuild.serviceAgent","members":["serviceAccount:service-375585788314@gcp-sa-cloudbuild.iam.gserviceaccount.com"]},{"role":"roles/containerregistry.ServiceAgent","members":["serviceAccount:service-375585788314@containerregistry.iam.gserviceaccount.com"]},{"role":"roles/developerconnect.readTokenAccessor","members":["serviceAccount:firebase-app-hosting-compute@asymptotic-x-terminal.iam.gserviceaccount.com"]},{"role":"roles/editor","members":["serviceAccount:375585788314-compute@developer.gserviceaccount.com"]},{"role":"roles/firebase.managementServiceAgent","members":["serviceAccount:service-375585788314@gcp-sa-firebase.iam.gserviceaccount.com"]},{"role":"roles/firebase.sdkAdminServiceAgent","members":["serviceAccount:firebase-adminsdk-fbsvc@asymptotic-x-terminal.iam.gserviceaccount.com","serviceAccount:firebase-app-hosting-compute@asymptotic-x-terminal.iam.gserviceaccount.com"]},{"role":"roles/firebaseapphosting.computeRunner","members":["serviceAccount:firebase-app-hosting-compute@asymptotic-x-terminal.iam.gserviceaccount.com"]},{"role":"roles/firebaseapphosting.serviceAgent","members":["serviceAccount:service-375585788314@gcp-sa-firebaseapphosting.iam.gserviceaccount.com"]},{"role":"roles/firebaseauth.admin","members":["serviceAccount:firebase-adminsdk-fbsvc@asymptotic-x-terminal.iam.gserviceaccount.com"]},{"role":"roles/iam.serviceAccountTokenCreator","members":["serviceAccount:firebase-adminsdk-fbsvc@asymptotic-x-terminal.iam.gserviceaccount.com"]},{"role":"roles/owner","members":["user:Gautrsystems@gmail.com"]},{"role":"roles/run.serviceAgent","members":["serviceAccount:service-375585788314@serverless-robot-prod.iam.gserviceaccount.com"]},{"role":"roles/storage.objectViewer","members":["serviceAccount:firebase-app-hosting-compute@asymptotic-x-terminal.iam.gserviceaccount.com"]}]}
[debug] [2026-01-29T06:15:15.928Z] Checked if tokens are valid: true, expires at: 1769670349117
[debug] [2026-01-29T06:15:15.928Z] Checked if tokens are valid: true, expires at: 1769670349117
[debug] [2026-01-29T06:15:15.929Z] >>> [apiv2][query] POST https://cloudresourcemanager.googleapis.com/v1/projects/asymptotic-x-terminal:setIamPolicy [none]
[debug] [2026-01-29T06:15:15.929Z] >>> [apiv2][body] POST https://cloudresourcemanager.googleapis.com/v1/projects/asymptotic-x-terminal:setIamPolicy {"policy":{"version":1,"etag":"BwZJgMaADmY=","bindings":[{"role":"roles/artifactregistry.serviceAgent","members":["serviceAccount:service-375585788314@gcp-sa-artifactregistry.iam.gserviceaccount.com"]},{"role":"roles/cloudbuild.builds.builder","members":["serviceAccount:375585788314@cloudbuild.gserviceaccount.com"]},{"role":"roles/cloudbuild.serviceAgent","members":["serviceAccount:service-375585788314@gcp-sa-cloudbuild.iam.gserviceaccount.com"]},{"role":"roles/containerregistry.ServiceAgent","members":["serviceAccount:service-375585788314@containerregistry.iam.gserviceaccount.com"]},{"role":"roles/developerconnect.readTokenAccessor","members":["serviceAccount:firebase-app-hosting-compute@asymptotic-x-terminal.iam.gserviceaccount.com"]},{"role":"roles/editor","members":["serviceAccount:375585788314-compute@developer.gserviceaccount.com"]},{"role":"roles/firebase.managementServiceAgent","members":["serviceAccount:service-375585788314@gcp-sa-firebase.iam.gserviceaccount.com"]},{"role":"roles/firebase.sdkAdminServiceAgent","members":["serviceAccount:firebase-adminsdk-fbsvc@asymptotic-x-terminal.iam.gserviceaccount.com","serviceAccount:firebase-app-hosting-compute@asymptotic-x-terminal.iam.gserviceaccount.com"]},{"role":"roles/firebaseapphosting.computeRunner","members":["serviceAccount:firebase-app-hosting-compute@asymptotic-x-terminal.iam.gserviceaccount.com"]},{"role":"roles/firebaseapphosting.serviceAgent","members":["serviceAccount:service-375585788314@gcp-sa-firebaseapphosting.iam.gserviceaccount.com"]},{"role":"roles/firebaseauth.admin","members":["serviceAccount:firebase-adminsdk-fbsvc@asymptotic-x-terminal.iam.gserviceaccount.com"]},{"role":"roles/iam.serviceAccountTokenCreator","members":["serviceAccount:firebase-adminsdk-fbsvc@asymptotic-x-terminal.iam.gserviceaccount.com"]},{"role":"roles/owner","members":["user:Gautrsystems@gmail.com"]},{"role":"roles/run.serviceAgent","members":["serviceAccount:service-375585788314@serverless-robot-prod.iam.gserviceaccount.com"]},{"role":"roles/storage.objectViewer","members":["serviceAccount:firebase-app-hosting-compute@asymptotic-x-terminal.iam.gserviceaccount.com"]}]},"updateMask":"bindings"}
[debug] [2026-01-29T06:15:17.092Z] <<< [apiv2][status] POST https://cloudresourcemanager.googleapis.com/v1/projects/asymptotic-x-terminal:setIamPolicy 200
[debug] [2026-01-29T06:15:17.092Z] <<< [apiv2][body] POST https://cloudresourcemanager.googleapis.com/v1/projects/asymptotic-x-terminal:setIamPolicy {"version":1,"etag":"BwZJgMfNOIk=","bindings":[{"role":"roles/artifactregistry.serviceAgent","members":["serviceAccount:service-375585788314@gcp-sa-artifactregistry.iam.gserviceaccount.com"]},{"role":"roles/cloudbuild.builds.builder","members":["serviceAccount:375585788314@cloudbuild.gserviceaccount.com"]},{"role":"roles/cloudbuild.serviceAgent","members":["serviceAccount:service-375585788314@gcp-sa-cloudbuild.iam.gserviceaccount.com"]},{"role":"roles/containerregistry.ServiceAgent","members":["serviceAccount:service-375585788314@containerregistry.iam.gserviceaccount.com"]},{"role":"roles/developerconnect.readTokenAccessor","members":["serviceAccount:firebase-app-hosting-compute@asymptotic-x-terminal.iam.gserviceaccount.com"]},{"role":"roles/editor","members":["serviceAccount:375585788314-compute@developer.gserviceaccount.com"]},{"role":"roles/firebase.managementServiceAgent","members":["serviceAccount:service-375585788314@gcp-sa-firebase.iam.gserviceaccount.com"]},{"role":"roles/firebase.sdkAdminServiceAgent","members":["serviceAccount:firebase-adminsdk-fbsvc@asymptotic-x-terminal.iam.gserviceaccount.com","serviceAccount:firebase-app-hosting-compute@asymptotic-x-terminal.iam.gserviceaccount.com"]},{"role":"roles/firebaseapphosting.computeRunner","members":["serviceAccount:firebase-app-hosting-compute@asymptotic-x-terminal.iam.gserviceaccount.com"]},{"role":"roles/firebaseapphosting.serviceAgent","members":["serviceAccount:service-375585788314@gcp-sa-firebaseapphosting.iam.gserviceaccount.com"]},{"role":"roles/firebaseauth.admin","members":["serviceAccount:firebase-adminsdk-fbsvc@asymptotic-x-terminal.iam.gserviceaccount.com"]},{"role":"roles/iam.serviceAccountTokenCreator","members":["serviceAccount:firebase-adminsdk-fbsvc@asymptotic-x-terminal.iam.gserviceaccount.com"]},{"role":"roles/owner","members":["user:Gautrsystems@gmail.com"]},{"role":"roles/run.serviceAgent","members":["serviceAccount:service-375585788314@serverless-robot-prod.iam.gserviceaccount.com"]},{"role":"roles/storage.objectViewer","members":["serviceAccount:firebase-app-hosting-compute@asymptotic-x-terminal.iam.gserviceaccount.com"]}]}
[debug] [2026-01-29T06:15:17.093Z] Checked if tokens are valid: true, expires at: 1769670349117
[debug] [2026-01-29T06:15:17.093Z] Checked if tokens are valid: true, expires at: 1769670349117
[debug] [2026-01-29T06:15:17.093Z] >>> [apiv2][query] GET https://firebaseapphosting.googleapis.com/v1beta/projects/asymptotic-x-terminal/locations/-/backends 
[debug] [2026-01-29T06:15:18.170Z] <<< [apiv2][status] GET https://firebaseapphosting.googleapis.com/v1beta/projects/asymptotic-x-terminal/locations/-/backends 200
[debug] [2026-01-29T06:15:18.170Z] <<< [apiv2][body] GET https://firebaseapphosting.googleapis.com/v1beta/projects/asymptotic-x-terminal/locations/-/backends {"backends":[{"name":"projects/asymptotic-x-terminal/locations/us-central1/backends/ax-terminal-web","createTime":"2026-01-29T03:11:09.297578833Z","updateTime":"2026-01-29T03:27:36.140933Z","labels":{"deployment-tool":"cli-firebase"},"uri":"ax-terminal-web--asymptotic-x-terminal.us-central1.hosted.app","managedResources":[{"runService":{"service":"projects/375585788314/locations/us-central1/services/ax-terminal-web"}}],"uid":"57ae5235-41bf-4dcc-95f6-16984268a1ae","etag":"-fIqyut9Viis3JRur-vP8kx0qQ8k_CpbNvqW4xFI5GQ","reconciling":false,"servingLocality":"GLOBAL_ACCESS","serviceAccount":"firebase-app-hosting-compute@asymptotic-x-terminal.iam.gserviceaccount.com","appId":"1:375585788314:web:9051d552710faef2776a23"},{"name":"projects/asymptotic-x-terminal/locations/us-central1/backends/art-web","createTime":"2026-01-29T06:06:25.670616620Z","updateTime":"2026-01-29T06:06:25.951396Z","labels":{"deployment-tool":"cli-firebase"},"uri":"art-web--asymptotic-x-terminal.us-central1.hosted.app","uid":"39acc9b9-65a7-43f7-8ac5-11ed57c9bd00","etag":"9_tPom9X125BZjHtyzzFEUK4gKyAelNhh66FRWz3Ut8","reconciling":false,"servingLocality":"GLOBAL_ACCESS","serviceAccount":"firebase-app-hosting-compute@asymptotic-x-terminal.iam.gserviceaccount.com","appId":"1:375585788314:web:9c842d399064e561776a23"},{"name":"projects/asymptotic-x-terminal/locations/us-central1/backends/gottingen-terminal","createTime":"2026-01-29T04:48:38.998363893Z","updateTime":"2026-01-29T04:52:11.604027Z","labels":{"deployment-tool":"cli-firebase"},"uri":"gottingen-terminal--asymptotic-x-terminal.us-central1.hosted.app","managedResources":[{"runService":{"service":"projects/375585788314/locations/us-central1/services/gottingen-terminal"}}],"uid":"b94446f1-d850-45e6-9a61-77ad8b0f96e3","etag":"Hv4ukT-9Yh3_oUZiqaWJfxbSx592oBax9_23x1RGbWM","reconciling":false,"servingLocality":"GLOBAL_ACCESS","serviceAccount":"firebase-app-hosting-compute@asymptotic-x-terminal.iam.gserviceaccount.com","appId":"1:375585788314:web:f782445ca28c870c776a23"}]}
[info] i  apphosting: Found backend(s) art-web 
[debug] [2026-01-29T06:15:18.171Z] Checked if tokens are valid: true, expires at: 1769670349117
[debug] [2026-01-29T06:15:18.171Z] Checked if tokens are valid: true, expires at: 1769670349117
[debug] [2026-01-29T06:15:18.171Z] >>> [apiv2][query] GET https://cloudresourcemanager.googleapis.com/v1/projects/asymptotic-x-terminal [none]
[debug] [2026-01-29T06:15:18.357Z] <<< [apiv2][status] GET https://cloudresourcemanager.googleapis.com/v1/projects/asymptotic-x-terminal 200
[debug] [2026-01-29T06:15:18.357Z] <<< [apiv2][body] GET https://cloudresourcemanager.googleapis.com/v1/projects/asymptotic-x-terminal {"projectNumber":"375585788314","projectId":"asymptotic-x-terminal","lifecycleState":"ACTIVE","name":"asymptotic-x-terminal","labels":{"firebase":"enabled","firebase-core":"disabled"},"createTime":"2026-01-29T03:05:26.057496Z"}
[debug] [2026-01-29T06:15:18.358Z] Checked if tokens are valid: true, expires at: 1769670349117
[debug] [2026-01-29T06:15:18.358Z] Checked if tokens are valid: true, expires at: 1769670349117
[debug] [2026-01-29T06:15:18.358Z] >>> [apiv2][query] GET https://storage.googleapis.com/storage/v1/b?project=asymptotic-x-terminal 
[debug] [2026-01-29T06:15:18.725Z] <<< [apiv2][status] GET https://storage.googleapis.com/storage/v1/b?project=asymptotic-x-terminal 200
[debug] [2026-01-29T06:15:18.725Z] <<< [apiv2][body] GET https://storage.googleapis.com/storage/v1/b?project=asymptotic-x-terminal {"kind":"storage#buckets","items":[{"kind":"storage#bucket","selfLink":"https://www.googleapis.com/storage/v1/b/firebaseapphosting-sources-375585788314-us-central1","id":"firebaseapphosting-sources-375585788314-us-central1","name":"firebaseapphosting-sources-375585788314-us-central1","projectNumber":"375585788314","generation":"1769656290532597508","metageneration":"1","location":"US-CENTRAL1","storageClass":"STANDARD","etag":"CAE=","timeCreated":"2026-01-29T03:11:30.700Z","updated":"2026-01-29T03:11:30.700Z","lifecycle":{"rule":[{"action":{"type":"Delete"},"condition":{"age":30}}]},"labels":{"apphosting-source-us-central1":"true"},"softDeletePolicy":{"retentionDurationSeconds":"604800","effectiveTime":"2026-01-29T03:11:30.700Z"},"iamConfiguration":{"bucketPolicyOnly":{"enabled":false},"uniformBucketLevelAccess":{"enabled":false},"publicAccessPrevention":"inherited"},"locationType":"region","satisfiesPZI":true},{"kind":"storage#bucket","selfLink":"https://www.googleapis.com/storage/v1/b/run-sources-asymptotic-x-terminal-us-central1","id":"run-sources-asymptotic-x-terminal-us-central1","name":"run-sources-asymptotic-x-terminal-us-central1","projectNumber":"375585788314","generation":"1769666936565541792","metageneration":"1","location":"US-CENTRAL1","storageClass":"STANDARD","etag":"CAE=","timeCreated":"2026-01-29T06:08:56.734Z","updated":"2026-01-29T06:08:56.734Z","cors":[{"origin":["https://*.cloud.google.com","https://*.corp.google.com","https://*.corp.google.com:*","https://*.cloud.google","https://*.byoid.goog"],"method":["GET"]}],"softDeletePolicy":{"retentionDurationSeconds":"604800","effectiveTime":"2026-01-29T06:08:56.734Z"},"iamConfiguration":{"bucketPolicyOnly":{"enabled":true,"lockedTime":"2026-04-29T06:08:56.734Z"},"uniformBucketLevelAccess":{"enabled":true,"lockedTime":"2026-04-29T06:08:56.734Z"},"publicAccessPrevention":"inherited"},"locationType":"region","satisfiesPZI":true}]}
[info] i  apphosting: Zipped source for backend art-web 
[info] i  apphosting: Uploading source for backend art-web... 
[debug] [2026-01-29T06:15:20.874Z] Checked if tokens are valid: true, expires at: 1769670349117
[debug] [2026-01-29T06:15:20.874Z] Checked if tokens are valid: true, expires at: 1769670349117
[debug] [2026-01-29T06:15:20.874Z] >>> [apiv2][query] PUT https://storage.googleapis.com/firebaseapphosting-sources-375585788314-us-central1/art-web--26423-9yFtA2U0Woae-.zip [none]
[debug] [2026-01-29T06:15:20.874Z] >>> [apiv2][body] PUT https://storage.googleapis.com/firebaseapphosting-sources-375585788314-us-central1/art-web--26423-9yFtA2U0Woae-.zip [stream]
[debug] [2026-01-29T06:15:23.067Z] <<< [apiv2][status] PUT https://storage.googleapis.com/firebaseapphosting-sources-375585788314-us-central1/art-web--26423-9yFtA2U0Woae-.zip 200
[debug] [2026-01-29T06:15:23.067Z] <<< [apiv2][body] PUT https://storage.googleapis.com/firebaseapphosting-sources-375585788314-us-central1/art-web--26423-9yFtA2U0Woae-.zip undefined
[info] i  apphosting: Uploaded at gs://firebaseapphosting-sources-375585788314-us-central1/art-web--26423-9yFtA2U0Woae-.zip 
[debug] [2026-01-29T06:15:23.068Z] Checked if tokens are valid: true, expires at: 1769670349117
[debug] [2026-01-29T06:15:23.068Z] Checked if tokens are valid: true, expires at: 1769670349117
[debug] [2026-01-29T06:15:23.068Z] Checked if tokens are valid: true, expires at: 1769670349117
[debug] [2026-01-29T06:15:23.068Z] Checked if tokens are valid: true, expires at: 1769670349117
[info] i  apphosting: You may also track the rollout(s) at:
	https://console.firebase.google.com/project/asymptotic-x-terminal/apphosting 
[debug] [2026-01-29T06:15:23.071Z] >>> [apiv2][query] GET https://firebaseapphosting.googleapis.com/v1beta/projects/asymptotic-x-terminal/locations/us-central1/backends/art-web/rollouts 
[debug] [2026-01-29T06:15:23.071Z] >>> [apiv2][query] GET https://firebaseapphosting.googleapis.com/v1beta/projects/asymptotic-x-terminal/locations/us-central1/backends/art-web/builds 
[debug] [2026-01-29T06:15:23.935Z] <<< [apiv2][status] GET https://firebaseapphosting.googleapis.com/v1beta/projects/asymptotic-x-terminal/locations/us-central1/backends/art-web/rollouts 200
[debug] [2026-01-29T06:15:23.935Z] <<< [apiv2][body] GET https://firebaseapphosting.googleapis.com/v1beta/projects/asymptotic-x-terminal/locations/us-central1/backends/art-web/rollouts {}
[debug] [2026-01-29T06:15:23.963Z] <<< [apiv2][status] GET https://firebaseapphosting.googleapis.com/v1beta/projects/asymptotic-x-terminal/locations/us-central1/backends/art-web/builds 200
[debug] [2026-01-29T06:15:23.963Z] <<< [apiv2][body] GET https://firebaseapphosting.googleapis.com/v1beta/projects/asymptotic-x-terminal/locations/us-central1/backends/art-web/builds {}
[debug] [2026-01-29T06:15:23.963Z] Checked if tokens are valid: true, expires at: 1769670349117
[debug] [2026-01-29T06:15:23.963Z] Checked if tokens are valid: true, expires at: 1769670349117
[debug] [2026-01-29T06:15:23.964Z] >>> [apiv2][query] POST https://firebaseapphosting.googleapis.com/v1beta/projects/asymptotic-x-terminal/locations/us-central1/backends/art-web/builds buildId=build-2026-01-29-001
[debug] [2026-01-29T06:15:23.964Z] >>> [apiv2][body] POST https://firebaseapphosting.googleapis.com/v1beta/projects/asymptotic-x-terminal/locations/us-central1/backends/art-web/builds {"source":{"archive":{"userStorageUri":"gs://firebaseapphosting-sources-375585788314-us-central1/art-web--26423-9yFtA2U0Woae-.zip","rootDirectory":"web"}},"labels":{"deployment-tool":"cli-firebase"}}
[debug] [2026-01-29T06:15:24.857Z] <<< [apiv2][status] POST https://firebaseapphosting.googleapis.com/v1beta/projects/asymptotic-x-terminal/locations/us-central1/backends/art-web/builds 200
[debug] [2026-01-29T06:15:24.857Z] <<< [apiv2][body] POST https://firebaseapphosting.googleapis.com/v1beta/projects/asymptotic-x-terminal/locations/us-central1/backends/art-web/builds {"name":"projects/asymptotic-x-terminal/locations/us-central1/operations/operation-1769667324730-64980c842dd32-2c7728c5-2782db33","metadata":{"@type":"type.googleapis.com/google.firebase.apphosting.v1beta.OperationMetadata","createTime":"2026-01-29T06:15:24.773405288Z","target":"projects/asymptotic-x-terminal/locations/us-central1/backends/art-web/builds/build-2026-01-29-001","verb":"create","requestedCancellation":false,"apiVersion":"v1beta"},"done":false}
[debug] [2026-01-29T06:15:24.857Z] Checked if tokens are valid: true, expires at: 1769670349117
[debug] [2026-01-29T06:15:24.857Z] Checked if tokens are valid: true, expires at: 1769670349117
[debug] [2026-01-29T06:15:24.857Z] >>> [apiv2][query] POST https://firebaseapphosting.googleapis.com/v1beta/projects/asymptotic-x-terminal/locations/us-central1/backends/art-web/rollouts rolloutId=build-2026-01-29-001&validateOnly=true
[debug] [2026-01-29T06:15:24.857Z] >>> [apiv2][body] POST https://firebaseapphosting.googleapis.com/v1beta/projects/asymptotic-x-terminal/locations/us-central1/backends/art-web/rollouts {"build":"projects/asymptotic-x-terminal/locations/us-central1/backends/art-web/builds/build-2026-01-29-001","labels":{"deployment-tool":"cli-firebase"}}
[debug] [2026-01-29T06:15:25.773Z] <<< [apiv2][status] POST https://firebaseapphosting.googleapis.com/v1beta/projects/asymptotic-x-terminal/locations/us-central1/backends/art-web/rollouts 200
[debug] [2026-01-29T06:15:25.773Z] <<< [apiv2][body] POST https://firebaseapphosting.googleapis.com/v1beta/projects/asymptotic-x-terminal/locations/us-central1/backends/art-web/rollouts {"name":"","metadata":{},"done":true}
[debug] [2026-01-29T06:15:25.773Z] Checked if tokens are valid: true, expires at: 1769670349117
[debug] [2026-01-29T06:15:25.773Z] Checked if tokens are valid: true, expires at: 1769670349117
[debug] [2026-01-29T06:15:25.773Z] >>> [apiv2][query] POST https://firebaseapphosting.googleapis.com/v1beta/projects/asymptotic-x-terminal/locations/us-central1/backends/art-web/rollouts rolloutId=build-2026-01-29-001&validateOnly=false
[debug] [2026-01-29T06:15:25.773Z] >>> [apiv2][body] POST https://firebaseapphosting.googleapis.com/v1beta/projects/asymptotic-x-terminal/locations/us-central1/backends/art-web/rollouts {"build":"projects/asymptotic-x-terminal/locations/us-central1/backends/art-web/builds/build-2026-01-29-001","labels":{"deployment-tool":"cli-firebase"}}
[debug] [2026-01-29T06:15:26.674Z] <<< [apiv2][status] POST https://firebaseapphosting.googleapis.com/v1beta/projects/asymptotic-x-terminal/locations/us-central1/backends/art-web/rollouts 200
[debug] [2026-01-29T06:15:26.674Z] <<< [apiv2][body] POST https://firebaseapphosting.googleapis.com/v1beta/projects/asymptotic-x-terminal/locations/us-central1/backends/art-web/rollouts {"name":"projects/asymptotic-x-terminal/locations/us-central1/operations/operation-1769667326551-64980c85ea4e1-710a1238-dc00f158","metadata":{"@type":"type.googleapis.com/google.firebase.apphosting.v1beta.OperationMetadata","createTime":"2026-01-29T06:15:26.579087604Z","target":"projects/asymptotic-x-terminal/locations/us-central1/backends/art-web/rollouts/build-2026-01-29-001","verb":"create","requestedCancellation":false,"apiVersion":"v1beta"},"done":false}
[debug] [2026-01-29T06:15:26.674Z] Checked if tokens are valid: true, expires at: 1769670349117
[debug] [2026-01-29T06:15:26.674Z] Checked if tokens are valid: true, expires at: 1769670349117
[debug] [2026-01-29T06:15:26.674Z] Checked if tokens are valid: true, expires at: 1769670349117
[debug] [2026-01-29T06:15:26.674Z] Checked if tokens are valid: true, expires at: 1769670349117
[debug] [2026-01-29T06:15:26.674Z] >>> [apiv2][query] GET https://firebaseapphosting.googleapis.com/v1beta/projects/asymptotic-x-terminal/locations/us-central1/operations/operation-1769667326551-64980c85ea4e1-710a1238-dc00f158 [none]
[debug] [2026-01-29T06:15:26.675Z] >>> [apiv2][query] GET https://firebaseapphosting.googleapis.com/v1beta/projects/asymptotic-x-terminal/locations/us-central1/operations/operation-1769667324730-64980c842dd32-2c7728c5-2782db33 [none]
[debug] [2026-01-29T06:15:27.513Z] <<< [apiv2][status] GET https://firebaseapphosting.googleapis.com/v1beta/projects/asymptotic-x-terminal/locations/us-central1/operations/operation-1769667324730-64980c842dd32-2c7728c5-2782db33 200
[debug] [2026-01-29T06:15:27.513Z] <<< [apiv2][body] GET https://firebaseapphosting.googleapis.com/v1beta/projects/asymptotic-x-terminal/locations/us-central1/operations/operation-1769667324730-64980c842dd32-2c7728c5-2782db33 {"name":"projects/asymptotic-x-terminal/locations/us-central1/operations/operation-1769667324730-64980c842dd32-2c7728c5-2782db33","metadata":{"@type":"type.googleapis.com/google.firebase.apphosting.v1beta.OperationMetadata","createTime":"2026-01-29T06:15:24.773405288Z","target":"projects/asymptotic-x-terminal/locations/us-central1/backends/art-web/builds/build-2026-01-29-001","verb":"create","requestedCancellation":false,"apiVersion":"v1beta"},"done":false}
[debug] [2026-01-29T06:15:27.545Z] <<< [apiv2][status] GET https://firebaseapphosting.googleapis.com/v1beta/projects/asymptotic-x-terminal/locations/us-central1/operations/operation-1769667326551-64980c85ea4e1-710a1238-dc00f158 200
[debug] [2026-01-29T06:15:27.545Z] <<< [apiv2][body] GET https://firebaseapphosting.googleapis.com/v1beta/projects/asymptotic-x-terminal/locations/us-central1/operations/operation-1769667326551-64980c85ea4e1-710a1238-dc00f158 {"name":"projects/asymptotic-x-terminal/locations/us-central1/operations/operation-1769667326551-64980c85ea4e1-710a1238-dc00f158","metadata":{"@type":"type.googleapis.com/google.firebase.apphosting.v1beta.OperationMetadata","createTime":"2026-01-29T06:15:26.579087604Z","endTime":"2026-01-29T06:15:26.631302751Z","target":"projects/asymptotic-x-terminal/locations/us-central1/backends/art-web/rollouts/build-2026-01-29-001","verb":"create","requestedCancellation":false,"apiVersion":"v1beta"},"done":true,"response":{"@type":"type.googleapis.com/google.firebase.apphosting.v1beta.Rollout","name":"projects/asymptotic-x-terminal/locations/us-central1/backends/art-web/rollouts/build-2026-01-29-001","createTime":"2026-01-29T06:15:26.568471634Z","updateTime":"2026-01-29T06:15:26.627640Z","state":"QUEUED","build":"projects/asymptotic-x-terminal/locations/us-central1/backends/art-web/builds/build-2026-01-29-001","labels":{"deployment-tool":"cli-firebase"},"uid":"3c5451fd-0d34-46bb-8508-6a410ffc533b","etag":"3Ca1oBk2lytIkrUrVSuuso6OO1lzPdY3SubL0w3DJ4w","reconciling":false}}
[debug] [2026-01-29T06:15:28.013Z] [create-asymptotic-x-terminal-us-central1-backend-art-web-build-build-2026-01-29-001] Retrying task index 0
[debug] [2026-01-29T06:15:28.014Z] Checked if tokens are valid: true, expires at: 1769670349117
[debug] [2026-01-29T06:15:28.014Z] Checked if tokens are valid: true, expires at: 1769670349117
[debug] [2026-01-29T06:15:28.014Z] >>> [apiv2][query] GET https://firebaseapphosting.googleapis.com/v1beta/projects/asymptotic-x-terminal/locations/us-central1/operations/operation-1769667324730-64980c842dd32-2c7728c5-2782db33 [none]
[debug] [2026-01-29T06:15:28.817Z] <<< [apiv2][status] GET https://firebaseapphosting.googleapis.com/v1beta/projects/asymptotic-x-terminal/locations/us-central1/operations/operation-1769667324730-64980c842dd32-2c7728c5-2782db33 200
[debug] [2026-01-29T06:15:28.817Z] <<< [apiv2][body] GET https://firebaseapphosting.googleapis.com/v1beta/projects/asymptotic-x-terminal/locations/us-central1/operations/operation-1769667324730-64980c842dd32-2c7728c5-2782db33 {"name":"projects/asymptotic-x-terminal/locations/us-central1/operations/operation-1769667324730-64980c842dd32-2c7728c5-2782db33","metadata":{"@type":"type.googleapis.com/google.firebase.apphosting.v1beta.OperationMetadata","createTime":"2026-01-29T06:15:24.773405288Z","target":"projects/asymptotic-x-terminal/locations/us-central1/backends/art-web/builds/build-2026-01-29-001","verb":"create","requestedCancellation":false,"apiVersion":"v1beta"},"done":false}
[debug] [2026-01-29T06:15:29.818Z] [create-asymptotic-x-terminal-us-central1-backend-art-web-build-build-2026-01-29-001] Retrying task index 0
[debug] [2026-01-29T06:15:29.819Z] Checked if tokens are valid: true, expires at: 1769670349117
[debug] [2026-01-29T06:15:29.819Z] Checked if tokens are valid: true, expires at: 1769670349117
[debug] [2026-01-29T06:15:29.819Z] >>> [apiv2][query] GET https://firebaseapphosting.googleapis.com/v1beta/projects/asymptotic-x-terminal/locations/us-central1/operations/operation-1769667324730-64980c842dd32-2c7728c5-2782db33 [none]
[debug] [2026-01-29T06:15:30.017Z] <<< [apiv2][status] GET https://firebaseapphosting.googleapis.com/v1beta/projects/asymptotic-x-terminal/locations/us-central1/operations/operation-1769667324730-64980c842dd32-2c7728c5-2782db33 200
[debug] [2026-01-29T06:15:30.017Z] <<< [apiv2][body] GET https://firebaseapphosting.googleapis.com/v1beta/projects/asymptotic-x-terminal/locations/us-central1/operations/operation-1769667324730-64980c842dd32-2c7728c5-2782db33 {"name":"projects/asymptotic-x-terminal/locations/us-central1/operations/operation-1769667324730-64980c842dd32-2c7728c5-2782db33","metadata":{"@type":"type.googleapis.com/google.firebase.apphosting.v1beta.OperationMetadata","createTime":"2026-01-29T06:15:24.773405288Z","target":"projects/asymptotic-x-terminal/locations/us-central1/backends/art-web/builds/build-2026-01-29-001","verb":"create","requestedCancellation":false,"apiVersion":"v1beta"},"done":false}
[debug] [2026-01-29T06:15:32.018Z] [create-asymptotic-x-terminal-us-central1-backend-art-web-build-build-2026-01-29-001] Retrying task index 0
[debug] [2026-01-29T06:15:32.018Z] Checked if tokens are valid: true, expires at: 1769670349117
[debug] [2026-01-29T06:15:32.018Z] Checked if tokens are valid: true, expires at: 1769670349117
[debug] [2026-01-29T06:15:32.018Z] >>> [apiv2][query] GET https://firebaseapphosting.googleapis.com/v1beta/projects/asymptotic-x-terminal/locations/us-central1/operations/operation-1769667324730-64980c842dd32-2c7728c5-2782db33 [none]
[debug] [2026-01-29T06:15:32.814Z] <<< [apiv2][status] GET https://firebaseapphosting.googleapis.com/v1beta/projects/asymptotic-x-terminal/locations/us-central1/operations/operation-1769667324730-64980c842dd32-2c7728c5-2782db33 200
[debug] [2026-01-29T06:15:32.814Z] <<< [apiv2][body] GET https://firebaseapphosting.googleapis.com/v1beta/projects/asymptotic-x-terminal/locations/us-central1/operations/operation-1769667324730-64980c842dd32-2c7728c5-2782db33 {"name":"projects/asymptotic-x-terminal/locations/us-central1/operations/operation-1769667324730-64980c842dd32-2c7728c5-2782db33","metadata":{"@type":"type.googleapis.com/google.firebase.apphosting.v1beta.OperationMetadata","createTime":"2026-01-29T06:15:24.773405288Z","target":"projects/asymptotic-x-terminal/locations/us-central1/backends/art-web/builds/build-2026-01-29-001","verb":"create","requestedCancellation":false,"apiVersion":"v1beta"},"done":false}
[debug] [2026-01-29T06:15:36.816Z] [create-asymptotic-x-terminal-us-central1-backend-art-web-build-build-2026-01-29-001] Retrying task index 0
[debug] [2026-01-29T06:15:36.816Z] Checked if tokens are valid: true, expires at: 1769670349117
[debug] [2026-01-29T06:15:36.816Z] Checked if tokens are valid: true, expires at: 1769670349117
[debug] [2026-01-29T06:15:36.816Z] >>> [apiv2][query] GET https://firebaseapphosting.googleapis.com/v1beta/projects/asymptotic-x-terminal/locations/us-central1/operations/operation-1769667324730-64980c842dd32-2c7728c5-2782db33 [none]
[debug] [2026-01-29T06:15:37.753Z] <<< [apiv2][status] GET https://firebaseapphosting.googleapis.com/v1beta/projects/asymptotic-x-terminal/locations/us-central1/operations/operation-1769667324730-64980c842dd32-2c7728c5-2782db33 200
[debug] [2026-01-29T06:15:37.753Z] <<< [apiv2][body] GET https://firebaseapphosting.googleapis.com/v1beta/projects/asymptotic-x-terminal/locations/us-central1/operations/operation-1769667324730-64980c842dd32-2c7728c5-2782db33 {"name":"projects/asymptotic-x-terminal/locations/us-central1/operations/operation-1769667324730-64980c842dd32-2c7728c5-2782db33","metadata":{"@type":"type.googleapis.com/google.firebase.apphosting.v1beta.OperationMetadata","createTime":"2026-01-29T06:15:24.773405288Z","target":"projects/asymptotic-x-terminal/locations/us-central1/backends/art-web/builds/build-2026-01-29-001","verb":"create","requestedCancellation":false,"apiVersion":"v1beta"},"done":false}
[debug] [2026-01-29T06:15:45.755Z] [create-asymptotic-x-terminal-us-central1-backend-art-web-build-build-2026-01-29-001] Retrying task index 0
[debug] [2026-01-29T06:15:45.755Z] Checked if tokens are valid: true, expires at: 1769670349117
[debug] [2026-01-29T06:15:45.755Z] Checked if tokens are valid: true, expires at: 1769670349117
[debug] [2026-01-29T06:15:45.755Z] >>> [apiv2][query] GET https://firebaseapphosting.googleapis.com/v1beta/projects/asymptotic-x-terminal/locations/us-central1/operations/operation-1769667324730-64980c842dd32-2c7728c5-2782db33 [none]
[debug] [2026-01-29T06:15:46.050Z] <<< [apiv2][status] GET https://firebaseapphosting.googleapis.com/v1beta/projects/asymptotic-x-terminal/locations/us-central1/operations/operation-1769667324730-64980c842dd32-2c7728c5-2782db33 200
[debug] [2026-01-29T06:15:46.050Z] <<< [apiv2][body] GET https://firebaseapphosting.googleapis.com/v1beta/projects/asymptotic-x-terminal/locations/us-central1/operations/operation-1769667324730-64980c842dd32-2c7728c5-2782db33 {"name":"projects/asymptotic-x-terminal/locations/us-central1/operations/operation-1769667324730-64980c842dd32-2c7728c5-2782db33","metadata":{"@type":"type.googleapis.com/google.firebase.apphosting.v1beta.OperationMetadata","createTime":"2026-01-29T06:15:24.773405288Z","target":"projects/asymptotic-x-terminal/locations/us-central1/backends/art-web/builds/build-2026-01-29-001","verb":"create","requestedCancellation":false,"apiVersion":"v1beta"},"done":false}
[debug] [2026-01-29T06:15:56.050Z] [create-asymptotic-x-terminal-us-central1-backend-art-web-build-build-2026-01-29-001] Retrying task index 0
[debug] [2026-01-29T06:15:56.051Z] Checked if tokens are valid: true, expires at: 1769670349117
[debug] [2026-01-29T06:15:56.051Z] Checked if tokens are valid: true, expires at: 1769670349117
[debug] [2026-01-29T06:15:56.051Z] >>> [apiv2][query] GET https://firebaseapphosting.googleapis.com/v1beta/projects/asymptotic-x-terminal/locations/us-central1/operations/operation-1769667324730-64980c842dd32-2c7728c5-2782db33 [none]
[debug] [2026-01-29T06:15:56.941Z] <<< [apiv2][status] GET https://firebaseapphosting.googleapis.com/v1beta/projects/asymptotic-x-terminal/locations/us-central1/operations/operation-1769667324730-64980c842dd32-2c7728c5-2782db33 200
[debug] [2026-01-29T06:15:56.942Z] <<< [apiv2][body] GET https://firebaseapphosting.googleapis.com/v1beta/projects/asymptotic-x-terminal/locations/us-central1/operations/operation-1769667324730-64980c842dd32-2c7728c5-2782db33 {"name":"projects/asymptotic-x-terminal/locations/us-central1/operations/operation-1769667324730-64980c842dd32-2c7728c5-2782db33","metadata":{"@type":"type.googleapis.com/google.firebase.apphosting.v1beta.OperationMetadata","createTime":"2026-01-29T06:15:24.773405288Z","target":"projects/asymptotic-x-terminal/locations/us-central1/backends/art-web/builds/build-2026-01-29-001","verb":"create","requestedCancellation":false,"apiVersion":"v1beta"},"done":false}
[debug] [2026-01-29T06:16:06.943Z] [create-asymptotic-x-terminal-us-central1-backend-art-web-build-build-2026-01-29-001] Retrying task index 0
[debug] [2026-01-29T06:16:06.943Z] Checked if tokens are valid: true, expires at: 1769670349117
[debug] [2026-01-29T06:16:06.943Z] Checked if tokens are valid: true, expires at: 1769670349117
[debug] [2026-01-29T06:16:06.943Z] >>> [apiv2][query] GET https://firebaseapphosting.googleapis.com/v1beta/projects/asymptotic-x-terminal/locations/us-central1/operations/operation-1769667324730-64980c842dd32-2c7728c5-2782db33 [none]
[debug] [2026-01-29T06:16:07.821Z] <<< [apiv2][status] GET https://firebaseapphosting.googleapis.com/v1beta/projects/asymptotic-x-terminal/locations/us-central1/operations/operation-1769667324730-64980c842dd32-2c7728c5-2782db33 200
[debug] [2026-01-29T06:16:07.821Z] <<< [apiv2][body] GET https://firebaseapphosting.googleapis.com/v1beta/projects/asymptotic-x-terminal/locations/us-central1/operations/operation-1769667324730-64980c842dd32-2c7728c5-2782db33 {"name":"projects/asymptotic-x-terminal/locations/us-central1/operations/operation-1769667324730-64980c842dd32-2c7728c5-2782db33","metadata":{"@type":"type.googleapis.com/google.firebase.apphosting.v1beta.OperationMetadata","createTime":"2026-01-29T06:15:24.773405288Z","target":"projects/asymptotic-x-terminal/locations/us-central1/backends/art-web/builds/build-2026-01-29-001","verb":"create","requestedCancellation":false,"apiVersion":"v1beta"},"done":false}
[debug] [2026-01-29T06:16:17.822Z] [create-asymptotic-x-terminal-us-central1-backend-art-web-build-build-2026-01-29-001] Retrying task index 0
[debug] [2026-01-29T06:16:17.822Z] Checked if tokens are valid: true, expires at: 1769670349117
[debug] [2026-01-29T06:16:17.822Z] Checked if tokens are valid: true, expires at: 1769670349117
[debug] [2026-01-29T06:16:17.822Z] >>> [apiv2][query] GET https://firebaseapphosting.googleapis.com/v1beta/projects/asymptotic-x-terminal/locations/us-central1/operations/operation-1769667324730-64980c842dd32-2c7728c5-2782db33 [none]
[debug] [2026-01-29T06:16:18.716Z] <<< [apiv2][status] GET https://firebaseapphosting.googleapis.com/v1beta/projects/asymptotic-x-terminal/locations/us-central1/operations/operation-1769667324730-64980c842dd32-2c7728c5-2782db33 200
[debug] [2026-01-29T06:16:18.716Z] <<< [apiv2][body] GET https://firebaseapphosting.googleapis.com/v1beta/projects/asymptotic-x-terminal/locations/us-central1/operations/operation-1769667324730-64980c842dd32-2c7728c5-2782db33 {"name":"projects/asymptotic-x-terminal/locations/us-central1/operations/operation-1769667324730-64980c842dd32-2c7728c5-2782db33","metadata":{"@type":"type.googleapis.com/google.firebase.apphosting.v1beta.OperationMetadata","createTime":"2026-01-29T06:15:24.773405288Z","target":"projects/asymptotic-x-terminal/locations/us-central1/backends/art-web/builds/build-2026-01-29-001","verb":"create","requestedCancellation":false,"apiVersion":"v1beta"},"done":false}
[debug] [2026-01-29T06:16:28.719Z] [create-asymptotic-x-terminal-us-central1-backend-art-web-build-build-2026-01-29-001] Retrying task index 0
[debug] [2026-01-29T06:16:28.721Z] Checked if tokens are valid: true, expires at: 1769670349117
[debug] [2026-01-29T06:16:28.721Z] Checked if tokens are valid: true, expires at: 1769670349117
[debug] [2026-01-29T06:16:28.722Z] >>> [apiv2][query] GET https://firebaseapphosting.googleapis.com/v1beta/projects/asymptotic-x-terminal/locations/us-central1/operations/operation-1769667324730-64980c842dd32-2c7728c5-2782db33 [none]
[debug] [2026-01-29T06:16:29.616Z] <<< [apiv2][status] GET https://firebaseapphosting.googleapis.com/v1beta/projects/asymptotic-x-terminal/locations/us-central1/operations/operation-1769667324730-64980c842dd32-2c7728c5-2782db33 200
[debug] [2026-01-29T06:16:29.616Z] <<< [apiv2][body] GET https://firebaseapphosting.googleapis.com/v1beta/projects/asymptotic-x-terminal/locations/us-central1/operations/operation-1769667324730-64980c842dd32-2c7728c5-2782db33 {"name":"projects/asymptotic-x-terminal/locations/us-central1/operations/operation-1769667324730-64980c842dd32-2c7728c5-2782db33","metadata":{"@type":"type.googleapis.com/google.firebase.apphosting.v1beta.OperationMetadata","createTime":"2026-01-29T06:15:24.773405288Z","target":"projects/asymptotic-x-terminal/locations/us-central1/backends/art-web/builds/build-2026-01-29-001","verb":"create","requestedCancellation":false,"apiVersion":"v1beta"},"done":false}
[debug] [2026-01-29T06:16:39.617Z] [create-asymptotic-x-terminal-us-central1-backend-art-web-build-build-2026-01-29-001] Retrying task index 0
[debug] [2026-01-29T06:16:39.618Z] Checked if tokens are valid: true, expires at: 1769670349117
[debug] [2026-01-29T06:16:39.621Z] Checked if tokens are valid: true, expires at: 1769670349117
[debug] [2026-01-29T06:16:39.621Z] >>> [apiv2][query] GET https://firebaseapphosting.googleapis.com/v1beta/projects/asymptotic-x-terminal/locations/us-central1/operations/operation-1769667324730-64980c842dd32-2c7728c5-2782db33 [none]
[debug] [2026-01-29T06:16:40.558Z] <<< [apiv2][status] GET https://firebaseapphosting.googleapis.com/v1beta/projects/asymptotic-x-terminal/locations/us-central1/operations/operation-1769667324730-64980c842dd32-2c7728c5-2782db33 200
[debug] [2026-01-29T06:16:40.558Z] <<< [apiv2][body] GET https://firebaseapphosting.googleapis.com/v1beta/projects/asymptotic-x-terminal/locations/us-central1/operations/operation-1769667324730-64980c842dd32-2c7728c5-2782db33 {"name":"projects/asymptotic-x-terminal/locations/us-central1/operations/operation-1769667324730-64980c842dd32-2c7728c5-2782db33","metadata":{"@type":"type.googleapis.com/google.firebase.apphosting.v1beta.OperationMetadata","createTime":"2026-01-29T06:15:24.773405288Z","target":"projects/asymptotic-x-terminal/locations/us-central1/backends/art-web/builds/build-2026-01-29-001","verb":"create","requestedCancellation":false,"apiVersion":"v1beta"},"done":false}
[debug] [2026-01-29T06:16:50.558Z] [create-asymptotic-x-terminal-us-central1-backend-art-web-build-build-2026-01-29-001] Retrying task index 0
[debug] [2026-01-29T06:16:50.559Z] Checked if tokens are valid: true, expires at: 1769670349117
[debug] [2026-01-29T06:16:50.559Z] Checked if tokens are valid: true, expires at: 1769670349117
[debug] [2026-01-29T06:16:50.559Z] >>> [apiv2][query] GET https://firebaseapphosting.googleapis.com/v1beta/projects/asymptotic-x-terminal/locations/us-central1/operations/operation-1769667324730-64980c842dd32-2c7728c5-2782db33 [none]
[debug] [2026-01-29T06:16:51.513Z] <<< [apiv2][status] GET https://firebaseapphosting.googleapis.com/v1beta/projects/asymptotic-x-terminal/locations/us-central1/operations/operation-1769667324730-64980c842dd32-2c7728c5-2782db33 200
[debug] [2026-01-29T06:16:51.514Z] <<< [apiv2][body] GET https://firebaseapphosting.googleapis.com/v1beta/projects/asymptotic-x-terminal/locations/us-central1/operations/operation-1769667324730-64980c842dd32-2c7728c5-2782db33 {"name":"projects/asymptotic-x-terminal/locations/us-central1/operations/operation-1769667324730-64980c842dd32-2c7728c5-2782db33","metadata":{"@type":"type.googleapis.com/google.firebase.apphosting.v1beta.OperationMetadata","createTime":"2026-01-29T06:15:24.773405288Z","target":"projects/asymptotic-x-terminal/locations/us-central1/backends/art-web/builds/build-2026-01-29-001","verb":"create","requestedCancellation":false,"apiVersion":"v1beta"},"done":false}
[debug] [2026-01-29T06:17:01.514Z] [create-asymptotic-x-terminal-us-central1-backend-art-web-build-build-2026-01-29-001] Retrying task index 0
[debug] [2026-01-29T06:17:01.514Z] Checked if tokens are valid: true, expires at: 1769670349117
[debug] [2026-01-29T06:17:01.514Z] Checked if tokens are valid: true, expires at: 1769670349117
[debug] [2026-01-29T06:17:01.514Z] >>> [apiv2][query] GET https://firebaseapphosting.googleapis.com/v1beta/projects/asymptotic-x-terminal/locations/us-central1/operations/operation-1769667324730-64980c842dd32-2c7728c5-2782db33 [none]
[debug] [2026-01-29T06:17:02.365Z] <<< [apiv2][status] GET https://firebaseapphosting.googleapis.com/v1beta/projects/asymptotic-x-terminal/locations/us-central1/operations/operation-1769667324730-64980c842dd32-2c7728c5-2782db33 200
[debug] [2026-01-29T06:17:02.365Z] <<< [apiv2][body] GET https://firebaseapphosting.googleapis.com/v1beta/projects/asymptotic-x-terminal/locations/us-central1/operations/operation-1769667324730-64980c842dd32-2c7728c5-2782db33 {"name":"projects/asymptotic-x-terminal/locations/us-central1/operations/operation-1769667324730-64980c842dd32-2c7728c5-2782db33","metadata":{"@type":"type.googleapis.com/google.firebase.apphosting.v1beta.OperationMetadata","createTime":"2026-01-29T06:15:24.773405288Z","target":"projects/asymptotic-x-terminal/locations/us-central1/backends/art-web/builds/build-2026-01-29-001","verb":"create","requestedCancellation":false,"apiVersion":"v1beta"},"done":false}
[debug] [2026-01-29T06:17:12.367Z] [create-asymptotic-x-terminal-us-central1-backend-art-web-build-build-2026-01-29-001] Retrying task index 0
[debug] [2026-01-29T06:17:12.380Z] Checked if tokens are valid: true, expires at: 1769670349117
[debug] [2026-01-29T06:17:12.380Z] Checked if tokens are valid: true, expires at: 1769670349117
[debug] [2026-01-29T06:17:12.381Z] >>> [apiv2][query] GET https://firebaseapphosting.googleapis.com/v1beta/projects/asymptotic-x-terminal/locations/us-central1/operations/operation-1769667324730-64980c842dd32-2c7728c5-2782db33 [none]
[debug] [2026-01-29T06:17:13.324Z] <<< [apiv2][status] GET https://firebaseapphosting.googleapis.com/v1beta/projects/asymptotic-x-terminal/locations/us-central1/operations/operation-1769667324730-64980c842dd32-2c7728c5-2782db33 200
[debug] [2026-01-29T06:17:13.324Z] <<< [apiv2][body] GET https://firebaseapphosting.googleapis.com/v1beta/projects/asymptotic-x-terminal/locations/us-central1/operations/operation-1769667324730-64980c842dd32-2c7728c5-2782db33 {"name":"projects/asymptotic-x-terminal/locations/us-central1/operations/operation-1769667324730-64980c842dd32-2c7728c5-2782db33","metadata":{"@type":"type.googleapis.com/google.firebase.apphosting.v1beta.OperationMetadata","createTime":"2026-01-29T06:15:24.773405288Z","target":"projects/asymptotic-x-terminal/locations/us-central1/backends/art-web/builds/build-2026-01-29-001","verb":"create","requestedCancellation":false,"apiVersion":"v1beta"},"done":false}
[debug] [2026-01-29T06:17:23.327Z] [create-asymptotic-x-terminal-us-central1-backend-art-web-build-build-2026-01-29-001] Retrying task index 0
[debug] [2026-01-29T06:17:23.327Z] Checked if tokens are valid: true, expires at: 1769670349117
[debug] [2026-01-29T06:17:23.327Z] Checked if tokens are valid: true, expires at: 1769670349117
[debug] [2026-01-29T06:17:23.327Z] >>> [apiv2][query] GET https://firebaseapphosting.googleapis.com/v1beta/projects/asymptotic-x-terminal/locations/us-central1/operations/operation-1769667324730-64980c842dd32-2c7728c5-2782db33 [none]
[debug] [2026-01-29T06:17:24.284Z] <<< [apiv2][status] GET https://firebaseapphosting.googleapis.com/v1beta/projects/asymptotic-x-terminal/locations/us-central1/operations/operation-1769667324730-64980c842dd32-2c7728c5-2782db33 200
[debug] [2026-01-29T06:17:24.284Z] <<< [apiv2][body] GET https://firebaseapphosting.googleapis.com/v1beta/projects/asymptotic-x-terminal/locations/us-central1/operations/operation-1769667324730-64980c842dd32-2c7728c5-2782db33 {"name":"projects/asymptotic-x-terminal/locations/us-central1/operations/operation-1769667324730-64980c842dd32-2c7728c5-2782db33","metadata":{"@type":"type.googleapis.com/google.firebase.apphosting.v1beta.OperationMetadata","createTime":"2026-01-29T06:15:24.773405288Z","target":"projects/asymptotic-x-terminal/locations/us-central1/backends/art-web/builds/build-2026-01-29-001","verb":"create","requestedCancellation":false,"apiVersion":"v1beta"},"done":false}
[debug] [2026-01-29T06:17:34.286Z] [create-asymptotic-x-terminal-us-central1-backend-art-web-build-build-2026-01-29-001] Retrying task index 0
[debug] [2026-01-29T06:17:34.286Z] Checked if tokens are valid: true, expires at: 1769670349117
[debug] [2026-01-29T06:17:34.286Z] Checked if tokens are valid: true, expires at: 1769670349117
[debug] [2026-01-29T06:17:34.286Z] >>> [apiv2][query] GET https://firebaseapphosting.googleapis.com/v1beta/projects/asymptotic-x-terminal/locations/us-central1/operations/operation-1769667324730-64980c842dd32-2c7728c5-2782db33 [none]
[debug] [2026-01-29T06:17:35.172Z] <<< [apiv2][status] GET https://firebaseapphosting.googleapis.com/v1beta/projects/asymptotic-x-terminal/locations/us-central1/operations/operation-1769667324730-64980c842dd32-2c7728c5-2782db33 200
[debug] [2026-01-29T06:17:35.172Z] <<< [apiv2][body] GET https://firebaseapphosting.googleapis.com/v1beta/projects/asymptotic-x-terminal/locations/us-central1/operations/operation-1769667324730-64980c842dd32-2c7728c5-2782db33 {"name":"projects/asymptotic-x-terminal/locations/us-central1/operations/operation-1769667324730-64980c842dd32-2c7728c5-2782db33","metadata":{"@type":"type.googleapis.com/google.firebase.apphosting.v1beta.OperationMetadata","createTime":"2026-01-29T06:15:24.773405288Z","target":"projects/asymptotic-x-terminal/locations/us-central1/backends/art-web/builds/build-2026-01-29-001","verb":"create","requestedCancellation":false,"apiVersion":"v1beta"},"done":false}
[debug] [2026-01-29T06:17:45.174Z] [create-asymptotic-x-terminal-us-central1-backend-art-web-build-build-2026-01-29-001] Retrying task index 0
[debug] [2026-01-29T06:17:45.174Z] Checked if tokens are valid: true, expires at: 1769670349117
[debug] [2026-01-29T06:17:45.174Z] Checked if tokens are valid: true, expires at: 1769670349117
[debug] [2026-01-29T06:17:45.174Z] >>> [apiv2][query] GET https://firebaseapphosting.googleapis.com/v1beta/projects/asymptotic-x-terminal/locations/us-central1/operations/operation-1769667324730-64980c842dd32-2c7728c5-2782db33 [none]
[debug] [2026-01-29T06:17:46.061Z] <<< [apiv2][status] GET https://firebaseapphosting.googleapis.com/v1beta/projects/asymptotic-x-terminal/locations/us-central1/operations/operation-1769667324730-64980c842dd32-2c7728c5-2782db33 200
[debug] [2026-01-29T06:17:46.062Z] <<< [apiv2][body] GET https://firebaseapphosting.googleapis.com/v1beta/projects/asymptotic-x-terminal/locations/us-central1/operations/operation-1769667324730-64980c842dd32-2c7728c5-2782db33 {"name":"projects/asymptotic-x-terminal/locations/us-central1/operations/operation-1769667324730-64980c842dd32-2c7728c5-2782db33","metadata":{"@type":"type.googleapis.com/google.firebase.apphosting.v1beta.OperationMetadata","createTime":"2026-01-29T06:15:24.773405288Z","target":"projects/asymptotic-x-terminal/locations/us-central1/backends/art-web/builds/build-2026-01-29-001","verb":"create","requestedCancellation":false,"apiVersion":"v1beta"},"done":false}
[debug] [2026-01-29T06:17:56.063Z] [create-asymptotic-x-terminal-us-central1-backend-art-web-build-build-2026-01-29-001] Retrying task index 0
[debug] [2026-01-29T06:17:56.064Z] Checked if tokens are valid: true, expires at: 1769670349117
[debug] [2026-01-29T06:17:56.064Z] Checked if tokens are valid: true, expires at: 1769670349117
[debug] [2026-01-29T06:17:56.064Z] >>> [apiv2][query] GET https://firebaseapphosting.googleapis.com/v1beta/projects/asymptotic-x-terminal/locations/us-central1/operations/operation-1769667324730-64980c842dd32-2c7728c5-2782db33 [none]
[debug] [2026-01-29T06:17:56.947Z] <<< [apiv2][status] GET https://firebaseapphosting.googleapis.com/v1beta/projects/asymptotic-x-terminal/locations/us-central1/operations/operation-1769667324730-64980c842dd32-2c7728c5-2782db33 200
[debug] [2026-01-29T06:17:56.948Z] <<< [apiv2][body] GET https://firebaseapphosting.googleapis.com/v1beta/projects/asymptotic-x-terminal/locations/us-central1/operations/operation-1769667324730-64980c842dd32-2c7728c5-2782db33 {"name":"projects/asymptotic-x-terminal/locations/us-central1/operations/operation-1769667324730-64980c842dd32-2c7728c5-2782db33","metadata":{"@type":"type.googleapis.com/google.firebase.apphosting.v1beta.OperationMetadata","createTime":"2026-01-29T06:15:24.773405288Z","target":"projects/asymptotic-x-terminal/locations/us-central1/backends/art-web/builds/build-2026-01-29-001","verb":"create","requestedCancellation":false,"apiVersion":"v1beta"},"done":false}
